output:
    - json
    - html
maxWaitForFcp: 30000
maxWaitForLoad: 45000
formFactor: desktop
throttling:
    rttMs: 150
    throughputKbps: 1638.4
    requestLatencyMs: 562.5
    downloadThroughputKbps: 1474.56
    uploadThroughputKbps: 675
    cpuSlowdownMultiplier: 4
throttlingMethod: provided
screenEmulation:
    mobile: true
    width: 360
    height: 640
    deviceScaleFactor: 2.625
    disabled: false
emulatedUserAgent: 'Mozilla/5.0 (Linux; Android 7.0; Moto G (4)) AppleWebKit/537.36 (KHTML, like Gecko) Chrome/98.0.4695.0 Mobile Safari/537.36 Chrome-Lighthouse'
auditMode: false
gatherMode: false
disableStorageReset: false
debugNavigation: false
channel: node
budgets: null
locale: en-US
blockedUrlPatterns: null
additionalTraceCategories: null
extraHeaders: null
precomputedLanternData: null
onlyAudits: null
onlyCategories:
    - performance
    - accessibility
    - best-practices
    - seo
    - pwa
skipAudits: null
emulatedFormFactor: desktop
disableNetworkThrottling: true
disableCpuThrottling: true
